// Jest Snapshot v1, https://goo.gl/fbAQLP

exports[`Level renders correctly 1`] = `
<DocumentFragment>
  <select
    class="css-tn7p03"
  >
    <option
      class="css-1tp4z63"
      value="Beginner"
    >
      Beginner
    </option>
    <option
      class="css-1tp4z63"
      value="Intermediate"
    >
      Intermediate
    </option>
    <option
      class="css-1tp4z63"
      value="Expert"
    >
      Expert
    </option>
  </select>
</DocumentFragment>
`;
