// Jest Snapshot v1, https://goo.gl/fbAQLP

exports[`GameWithHooks test cases Render game field by default 1`] = `
<DocumentFragment>
  <div
    class="css-1ct4owg"
  >
    <header
      class="css-1mm4p1j"
    >
      <h1
        class="css-aqrpco"
      >
        Minesweeper
      </h1>
      <legend
        class="css-y5wpvr"
      >
        <strong>
          Flag: 
        </strong>
        <code
          class="css-1th0bce"
        >
          <span
            class="css-1eygtyr"
          >
            Ctrl
          </span>
           +  
          <span
            class="css-1r5wa4u"
          >
            Click
          </span>
        </code>
      </legend>
    </header>
    <div
      class="css-1bh93n8"
    >
      <div
        class="css-1x0xxpv"
      >
        <div
          class="css-10qcrn4"
        >
          0
        </div>
        <select
          class="css-cvsgr"
        >
          <option
            class="css-1ibfzol"
            value="beginner"
          >
            beginner
          </option>
          <option
            class="css-1ibfzol"
            value="intermediate"
          >
            intermediate
          </option>
          <option
            class="css-1ibfzol"
            value="expert"
          >
            expert
          </option>
        </select>
        <button
          class="css-2jpmyz"
        >
          😊
        </button>
        <div
          class="css-10qcrn4"
        >
          10
        </div>
      </div>
      <div
        class="css-1p4hvro"
      >
        🙁
      </div>
      <div
        class="css-17280v7"
        size="2"
      >
        <div
          class="css-z6puck"
          data-testid="0,0"
          role="cell"
        />
        <div
          class="css-z6puck"
          data-testid="0,1"
          role="cell"
        />
        <div
          class="css-z6puck"
          data-testid="1,0"
          role="cell"
        />
        <div
          class="css-z6puck"
          data-testid="1,1"
          role="cell"
        />
      </div>
    </div>
  </div>
</DocumentFragment>
`;
